Loading required package: Matrix
This is INLA_25.10.19 built 2025-10-19 19:10:20 UTC.
 - See www.r-inla.org/contact-us for how to get help.
 - List available models/likelihoods/etc with inla.list.models()
 - Use inla.doc(<NAME>) to access documentation
Linking to GEOS 3.14.1, GDAL 3.12.4, PROJ 9.8.0; sf_use_s2() is TRUE
Loading required package: sp

Attaching package: 'rlang'

The following object is masked from 'package:magrittr':

    set_names

Warning message:
package 'scico' was built under R version 4.6.1

Attaching package: 'patchwork'

The following object is masked from 'package:raster':

    area

Warning message:
package 'patchwork' was built under R version 4.6.1
Loading required package: spatstat.data
Loading required package: spatstat.univar
spatstat.univar 3.2-0
spatstat.geom 3.8-1

Attaching package: 'spatstat.geom'

The following object is masked from 'package:patchwork':

    area

The following objects are masked from 'package:raster':

    area, rotate, shift

Warning messages:
1: package 'spatstat.geom' was built under R version 4.6.1
2: package 'spatstat.data' was built under R version 4.6.1
3: package 'spatstat.univar' was built under R version 4.6.1
Warning message:
The `samplers` argument of `bru_obs()` has deprecated support for `Spatial`
input as of inlabru 2.12.0.9023.
i Please use `sf` input instead.
i The deprecated feature was likely used in the base package.
  Please report the issue to the authors.
bru: Preprocessing
iinla: Iteration 1 [max: 1]

OPENMP DISPLAY ENVIRONMENT BEGIN
  _OPENMP = '201511'
  OMP_DYNAMIC = 'FALSE'
  OMP_NESTED = 'FALSE'
  OMP_NUM_THREADS = '1'
  OMP_SCHEDULE = 'DYNAMIC'
  OMP_PROC_BIND = 'FALSE'
  OMP_PLACES = ''
  OMP_STACKSIZE = '140721395778488'
  OMP_WAIT_POLICY = 'PASSIVE'
  OMP_THREAD_LIMIT = '1'
  OMP_MAX_ACTIVE_LEVELS = '2147483647'
  OMP_CANCELLATION = 'FALSE'
  OMP_DEFAULT_DEVICE = '0'
  OMP_MAX_TASK_PRIORITY = '0'
OPENMP DISPLAY ENVIRONMENT END

OPENMP DISPLAY ENVIRONMENT BEGIN
   _OPENMP='202111'
  [host] OMP_AFFINITY_FORMAT='OMP: pid %P tid %i thread %n bound to OS proc set {%A}'
  [host] OMP_ALLOCATOR='omp_default_mem_alloc'
  [host] OMP_AVAILABLE_DEVICES: value is not defined
  [host] OMP_CANCELLATION='FALSE'
  [host] OMP_DEBUG='disabled'
  [host] OMP_DEFAULT_DEVICE='0'
  [host] OMP_DISPLAY_AFFINITY='FALSE'
  [host] OMP_DISPLAY_ENV='TRUE'
  [host] OMP_DYNAMIC='FALSE'
  [host] OMP_MAX_ACTIVE_LEVELS='1'
  [host] OMP_MAX_TASK_PRIORITY='0'
  [host] OMP_NESTED: deprecated; max-active-levels-var=1
  [host] OMP_NUM_TEAMS='0'
  [host] OMP_NUM_THREADS: value is not defined
  [host] OMP_PLACES: value is not defined
  [host] OMP_PROC_BIND='false'
  [host] OMP_SCHEDULE='static'
  [host] OMP_STACKSIZE='4M'
  [host] OMP_TARGET_OFFLOAD=DEFAULT
  [host] OMP_TEAMS_THREAD_LIMIT='0'
  [host] OMP_THREAD_LIMIT='1'
  [host] OMP_TOOL='enabled'
  [host] OMP_TOOL_LIBRARIES: value is not defined
  [host] OMP_TOOL_VERBOSE_INIT: value is not defined
  [host] OMP_WAIT_POLICY='PASSIVE'
OPENMP DISPLAY ENVIRONMENT END



OPENMP DISPLAY ENVIRONMENT BEGIN
  _OPENMP = '201511'
  OMP_DYNAMIC = 'FALSE'
  OMP_NESTED = 'FALSE'
  OMP_NUM_THREADS = '1'
  OMP_SCHEDULE = 'DYNAMIC'
  OMP_PROC_BIND = 'FALSE'
  OMP_PLACES = ''
  OMP_STACKSIZE = '140735727087880'
  OMP_WAIT_POLICY = 'PASSIVE'
  OMP_THREAD_LIMIT = '1'
  OMP_MAX_ACTIVE_LEVELS = '2147483647'
  OMP_CANCELLATION = 'FALSE'
  OMP_DEFAULT_DEVICE = '0'
  OMP_MAX_TASK_PRIORITY = '0'
OPENMP DISPLAY ENVIRONMENT END

OPENMP DISPLAY ENVIRONMENT BEGIN
   _OPENMP='202111'
  [host] OMP_AFFINITY_FORMAT='OMP: pid %P tid %i thread %n bound to OS proc set {%A}'
  [host] OMP_ALLOCATOR='omp_default_mem_alloc'
  [host] OMP_AVAILABLE_DEVICES: value is not defined
  [host] OMP_CANCELLATION='FALSE'
  [host] OMP_DEBUG='disabled'
  [host] OMP_DEFAULT_DEVICE='0'
  [host] OMP_DISPLAY_AFFINITY='FALSE'
  [host] OMP_DISPLAY_ENV='TRUE'
  [host] OMP_DYNAMIC='FALSE'
  [host] OMP_MAX_ACTIVE_LEVELS='1'
  [host] OMP_MAX_TASK_PRIORITY='0'
  [host] OMP_NESTED: deprecated; max-active-levels-var=1
  [host] OMP_NUM_TEAMS='0'
  [host] OMP_NUM_THREADS: value is not defined
  [host] OMP_PLACES: value is not defined
  [host] OMP_PROC_BIND='false'
  [host] OMP_SCHEDULE='static'
  [host] OMP_STACKSIZE='4M'
  [host] OMP_TARGET_OFFLOAD=DEFAULT
  [host] OMP_TEAMS_THREAD_LIMIT='0'
  [host] OMP_THREAD_LIMIT='1'
  [host] OMP_TOOL='enabled'
  [host] OMP_TOOL_LIBRARIES: value is not defined
  [host] OMP_TOOL_VERBOSE_INIT: value is not defined
  [host] OMP_WAIT_POLICY='PASSIVE'
OPENMP DISPLAY ENVIRONMENT END


Warning in bru_log_warn(paste0("iinla: Problem in inla:\n", result)) :
  iinla: Problem in inla:
Error in inla.core.safe(formula = formula, family = family, contrasts = contrasts,  :
  The inla-program exited with an error. Unless you interupted it yourself, please rerun with verbose=TRUE and check the output carefully.
  If this does not help, please contact the developers at <help@r-inla.org>.
The inla program failed and the maximum number of tries has been reached.
iinla: Problem in inla:
1: withCallingHandlers({ fit_dummy <- bru(cmp_joint, lik_gamma_plast, lik_gam [...]
2: bru(cmp_joint, lik_gamma_plast, lik_gamma_Nplast, lik_bin_plast, lik_bin_N [...]
3: iinla(model = info[["model"]], lhoods = as_bru_obs_list(info), inputs = in [...]
4: fm_try_callstack(...)
5: do.call(INLA::inla, inla.options.merged, envir = environment(as_bru_comp_l [...]
6: (function (formula = NULL, family = "gaussian", contrasts = NULL, data = N [...]
7: inla.core.safe(formula = formula, family = family, contrasts = contrasts,  [...]
8: stop(paste0(r$message, "\n", "The inla prog [... truncated]
iinla: Giving up and returning last successfully obtained result for diagnostic purposes.
!!! WARNING !!!
 fit_dummy$summary.fixed is NULL !!!!!!!!!!!